─── Node4 (#0)
    prefix(0): [··········] [0 0 0 0 0 0 0 0 0 0]
    keys: [k···] [107 · · ·]
    children(1): [#1 - - -] <->
    ├── Leaf (#1)
    │   key(4): [key4] [107 101 121 52]
    │   val: value4
    │   
    ├── nil
    ├── nil
    ├── nil
    └── nil
